----- Sample Testcase 01 -----
[num_rows=10,num_cols=8,arrayForest=[(1,2),(3,5)],arrayRiver=[(0,0),(0,4)],arrayFortification=[(6,6)],arrayUrban=[(2,0)],arraySpecialZone=[(9,7)],liberationUnits=[Vehicle[vehicleType=TANK,quantity=5,weight=2,position=(1,2)],Infantry[infantryType=REGULARINFANTRY,quantity=5,weight=2,position=(1,1)]],ARVNUnits=[Vehicle[vehicleType=TANK,quantity=5,weight=2,position=(3,2)],Infantry[infantryType=REGULARINFANTRY,quantity=5,weight=2,position=(3,3)]],eventCode=23]