LF1=[924,193,953,150,56,724,542,592,637,892,859,93,440,449,737,223,947]
LF2=[0,475,708,771,980,122,711,830,176,874,919,0,798,773,523,288,0]
EXP1=382, EXP2=511
T1=2318, T2=1764
E=85
