LF1=[404,410,561,842,919,345,83,430,971,497,376,296,559,4,174,1000,1000]
LF2=[577,943,580,515,429,285,718,443,981,741,337,105,313,686,146,535,710]
EXP1=295, EXP2=262
T1=751, T2=2119
E=25
