LF1=[512,522,861,947,915,527,904,875,310,745,268,1000,372,152,113,152,795]
LF2=[862,284,472,723,988,391,530,858,717,298,0,32,596,835,281,969,816]
EXP1=402, EXP2=576
T1=2218, T2=1662
E=14
