LF1=[0,976,0,537,536,410,332,145,132,577,158,200,155,706,307,188,17]
LF2=[717,0,483,705,510,587,549,782,309,875,737,648,919,482,2,0,43]
EXP1=552, EXP2=238
T1=2363, T2=1410
E=8
