LF1=[4,661,1000,835,808,382,505,203,175,273,254,299,979,553,987,551,390]
LF2=[565,1000,839,171,588,577,14,799,547,199,193,0,940,1000,509,560,670]
EXP1=189, EXP2=258
T1=1339, T2=2542
E=52
