LF1=[532,939,836,658,552,298,607,722,507,502,0,570,414,912,104,500,547]
LF2=[574,333,398,238,414,328,433,519,613,0,653,0,781,861,447,232,414]
EXP1=600, EXP2=407
T1=0, T2=2655
E=69
