LF1=[451,195,153,270,919,998,151,299,640,596,349,252,1000,574,830,32,735]
LF2=[1000,233,197,635,674,764,205,1000,825,694,986,0,238,259,229,220,242]
EXP1=595, EXP2=91
T1=417, T2=2444
E=8
