LF1=[1000,0,320,34,0,866,292,830,503,778,758,14,226,1000,393,293,636]
LF2=[978,885,914,106,556,231,380,127,808,725,783,0,574,898,153,583,105]
EXP1=117, EXP2=450
T1=272, T2=20
E=29
