LF1=[172,107,355,216,141,978,743,800,178,252,873,654,70,39,283,469,579]
LF2=[569,80,58,307,76,768,1000,1000,221,655,625,440,606,1000,698,15,0]
EXP1=296, EXP2=543
T1=2473, T2=42
E=60
