LF1=[718,471,218,616,1000,1000,449,264,545,176,0,35,317,1,212,534,908]
LF2=[118,464,671,884,1000,515,932,97,624,650,745,266,390,178,214,787,860]
EXP1=0, EXP2=415
T1=181, T2=2778
E=82
