LF1=[989,175,488,109,927,481,853,931,532,1000,965,299,693,491,0,521,592]
LF2=[474,24,490,788,201,950,26,216,1000,294,918,388,803,6,433,403,797]
EXP1=161, EXP2=151
T1=569, T2=2070
E=91
