LF1=[670,24,639,684,480,815,124,281,435,9,216,0,16,338,144,931,162]
LF2=[0,157,168,377,694,656,433,715,791,699,200,515,612,715,291,637,556]
EXP1=82, EXP2=547
T1=2469, T2=2466
E=28
