LF1=[960,427,396,514,672,625,58,383,0,935,151,903,568,66,366,284,0]
LF2=[508,945,514,994,304,777,24,477,84,356,852,970,0,113,298,372,101]
EXP1=584, EXP2=301
T1=87, T2=2793
E=1
