LF1=[162,973,864,241,427,530,850,114,105,595,0,486,129,628,885,836,776]
LF2=[839,403,564,375,643,88,750,239,733,898,259,252,505,664,538,198,183]
EXP1=310, EXP2=0
T1=1393, T2=1884
E=90
