LF1=[1000,1000,1000,173,216,82,939,536,949,372,241,856,686,743,403,655,848]
LF2=[551,780,238,478,807,978,673,971,185,715,524,840,644,1000,632,689,529]
EXP1=0, EXP2=196
T1=2331, T2=191
E=55
