LF1=[543,1000,207,780,947,826,0,455,1000,945,729,241,463,831,0,0,352]
LF2=[574,239,408,925,28,1000,195,0,832,672,157,338,802,390,254,906,708]
EXP1=576, EXP2=190
T1=0, T2=2044
E=96
