LF1=[607,168,691,754,536,913,262,188,335,608,0,756,980,819,159,729,632]
LF2=[847,664,38,203,294,981,325,308,582,852,41,240,857,189,579,331,44]
EXP1=325, EXP2=335
T1=1299, T2=2095
E=5
