LF1=[285,842,258,356,81,120,1000,694,823,695,574,331,977,772,898,652,385]
LF2=[288,896,41,754,106,1000,990,789,947,450,241,740,0,502,880,80,85]
EXP1=193, EXP2=234
T1=795, T2=2723
E=40
