LF1=[173,631,76,677,999,14,621,286,1000,534,0,19,1000,880,1000,787,819]
LF2=[820,488,935,0,203,986,721,791,245,524,0,792,490,809,148,527,313]
EXP1=0, EXP2=573
T1=2168, T2=3000
E=28
