LF1=[534,302,28,612,998,0,884,617,385,242,888,0,631,566,272,906,987]
LF2=[660,491,706,704,854,123,398,792,682,941,1000,40,311,693,428,201,961]
EXP1=93, EXP2=585
T1=1406, T2=2684
E=49
