LF1=[567,545,620,477,58,149,534,841,950,555,347,1000,317,928,994,288,791]
LF2=[703,882,620,727,1000,444,996,921,306,303,948,459,21,81,99,410,120]
EXP1=290, EXP2=225
T1=2556, T2=2614
E=33
