LF1=[623,230,301,994,558,977,515,96,152,724,219,107,82,315,13,982,1000]
LF2=[701,376,18,0,456,793,940,625,416,18,685,992,1000,994,754,741,878]
EXP1=189, EXP2=0
T1=2785, T2=149
E=54
