LF1=[75,396,138,136,749,844,39,96,496,333,0,80,685,206,158,842,641]
LF2=[90,376,179,498,730,1000,269,192,620,734,171,922,918,22,463,73,946]
EXP1=440, EXP2=421
T1=17, T2=2391
E=51
