LF1=[707,459,1000,397,144,43,349,807,792,721,437,117,348,0,375,678,709]
LF2=[603,1000,822,408,897,689,413,159,91,518,818,0,382,0,650,950,478]
EXP1=30, EXP2=240
T1=3000, T2=0
E=72
