LF1=[716,243,826,293,172,103,941,0,1000,449,97,737,604,821,13,119,219]
LF2=[924,905,834,511,382,899,315,429,239,995,604,102,708,896,760,551,54]
EXP1=600, EXP2=225
T1=2892, T2=1776
E=17
