LF1=[598,193,149,143,0,31,188,838,53,0,795,557,978,214,768,862,153]
LF2=[807,26,677,765,312,669,167,563,628,1000,325,943,844,94,9,1000,185]
EXP1=588, EXP2=267
T1=1604, T2=3000
E=45
