LF1=[0,182,175,507,214,162,182,232,73,167,0,107,544,446,973,21,666]
LF2=[649,809,147,613,857,729,896,473,797,397,999,115,652,270,268,719,969]
EXP1=600, EXP2=496
T1=2725, T2=1390
E=58
