LF1=[361,252,336,205,831,548,528,36,458,996,406,310,372,505,839,368,495]
LF2=[269,88,424,818,896,540,772,331,251,317,250,427,15,386,254,589,650]
EXP1=474, EXP2=469
T1=2099, T2=3000
E=70
