LF1=[436,180,775,440,222,364,580,679,944,807,531,903,0,362,490,393,556]
LF2=[627,794,391,906,258,444,918,211,967,278,1000,807,292,241,613,959,654]
EXP1=524, EXP2=417
T1=846, T2=3000
E=84
