LF1=[196,609,813,939,464,990,521,809,833,593,221,967,699,397,146,623,995]
LF2=[883,70,861,482,0,685,1000,0,838,442,892,241,164,39,117,530,595]
EXP1=307, EXP2=343
T1=2413, T2=539
E=92
