LF1=[448,939,867,500,479,875,853,831,960,132,234,355,867,0,288,654,571]
LF2=[360,552,69,456,722,340,415,49,24,955,895,392,809,594,624,89,526]
EXP1=176, EXP2=106
T1=2152, T2=2802
E=85
