LF1=[180,656,555,47,661,50,25,948,406,14,759,596,903,416,171,581,519]
LF2=[599,538,82,792,34,497,511,779,0,472,168,347,852,426,185,573,173]
EXP1=20, EXP2=195
T1=1300, T2=131
E=55
