LF1=[771,725,387,478,448,977,750,821,447,343,696,763,194,321,309,502,196]
LF2=[89,562,885,351,627,994,134,792,969,669,42,147,191,990,108,862,614]
EXP1=206, EXP2=346
T1=2932, T2=710
E=21
