LF1=[210,440,837,293,1000,98,499,614,814,654,339,145,698,321,594,644,144]
LF2=[605,662,98,413,168,110,860,830,990,194,767,367,809,169,842,45,273]
EXP1=163, EXP2=54
T1=2363, T2=1897
E=20
