LF1=[626,624,727,152,1000,703,432,223,508,263,403,985,488,598,686,292,322]
LF2=[563,903,0,382,507,392,541,639,1000,663,615,643,228,212,952,361,711]
EXP1=496, EXP2=341
T1=373, T2=0
E=42
