LF1=[897,19,45,954,509,105,15,317,387,595,458,1000,438,389,887,511,550]
LF2=[0,568,450,926,314,639,323,124,933,1000,937,173,727,324,846,745,492]
EXP1=390, EXP2=476
T1=2807, T2=1428
E=31
