LF1=[906,778,929,516,638,797,0,996,578,329,105,627,707,25,473,312,33]
LF2=[783,866,1000,751,725,423,920,435,125,44,362,593,409,694,0,215,1000]
EXP1=88, EXP2=239
T1=0, T2=1634
E=82
