LF1=[452,58,594,610,40,27,851,49,664,0,433,768,495,352,728,314,183]
LF2=[768,486,497,921,524,268,1000,912,745,779,195,108,318,797,575,404,770]
EXP1=264, EXP2=0
T1=2229, T2=428
E=66
