LF1=[681,480,885,279,834,887,950,48,763,538,694,687,895,988,465,138,480]
LF2=[873,116,215,698,248,954,367,481,0,513,347,885,386,694,32,60,321]
EXP1=489, EXP2=245
T1=2100, T2=781
E=90
