LF1=[0,375,0,880,228,204,1000,748,560,320,274,504,48,328,986,959,170]
LF2=[813,257,433,660,739,232,596,271,407,443,532,0,938,574,1000,426,0]
EXP1=66, EXP2=270
T1=1347, T2=0
E=10
