LF1=[969,454,1000,671,543,538,694,810,237,292,551,0,1000,545,962,830,568]
LF2=[785,121,587,0,431,760,369,631,19,875,906,972,547,282,798,987,698]
EXP1=118, EXP2=404
T1=2459, T2=2146
E=12
