LF1=[506,665,551,980,12,382,353,81,626,1000,223,0,483,445,1000,143,260]
LF2=[871,635,997,905,884,852,928,298,1000,18,431,266,40,1000,127,1000,733]
EXP1=310, EXP2=26
T1=1453, T2=1902
E=51
