LF1=[41,684,773,198,550,757,848,997,455,309,329,862,709,636,877,927,905]
LF2=[780,804,698,948,0,981,299,250,450,691,710,230,167,478,819,727,101]
EXP1=496, EXP2=4
T1=1818, T2=462
E=97
