LF1=[26,1000,173,936,647,801,589,610,832,989,187,667,27,314,704,70,644]
LF2=[1000,583,331,472,1000,608,71,943,22,547,189,716,631,38,138,145,483]
EXP1=413, EXP2=42
T1=467, T2=1992
E=93
