LF1=[131,69,628,132,16,743,715,740,271,273,226,938,777,285,559,760,507]
LF2=[392,1000,463,760,523,0,654,616,984,391,759,545,349,949,1000,461,134]
EXP1=351, EXP2=6
T1=1724, T2=1273
E=2
