LF1=[1000,74,0,315,483,424,717,32,28,130,1,748,404,994,120,618,151]
LF2=[504,252,86,230,643,516,245,595,817,792,968,958,951,809,486,681,637]
EXP1=331, EXP2=36
T1=1036, T2=2494
E=69
