LF1=[1000,45,138,1000,170,680,591,11,726,215,512,326,519,433,568,710,721]
LF2=[137,251,0,527,123,138,469,234,494,655,52,829,692,92,640,981,240]
EXP1=379, EXP2=255
T1=1593, T2=1820
E=73
