LF1=[40,1000,932,912,313,239,735,518,949,288,788,384,910,581,423,186,805]
LF2=[301,937,368,330,0,800,204,143,1000,925,111,205,794,950,621,290,612]
EXP1=582, EXP2=462
T1=506, T2=2855
E=39
