LF1=[730,575,400,334,118,356,0,736,442,419,747,986,929,391,443,915,968]
LF2=[885,754,113,505,460,794,1000,78,251,33,392,563,770,717,405,12,355]
EXP1=492, EXP2=574
T1=1509, T2=2758
E=55
